---
source: code/tui/src/app/state_tests.rs
expression: render_dictation_frame(&app)
---
  .                                                                [Dashboard]  
                                                                                
        ┌── Config ────────────────────────────────────────────────[✗]─┐        
        │                                                              │        
        │   General    Providers    Issues    Network                  │        
        │                                                              │        
        │  ╭─────────────────────────────────────────────────────────╮ │        
        │  │ Search configuration                                    │ │        
        │  ╰─────────────────────────────────────────────────────────╯ │        
        │  8 more above                                                │        
        │  Screen mode                                    fullscreen   │        
        │  Memories                                              off + │        
        │  Automatic Git fetch                                   Off + │        
        │  Git fetch interval                                   180s   │        
        │  Git branch marker                               Powerline   │        
        │  Advisor                                               Off   │        
        │  English punctuation                                   off + │        
        │  Dictation shortcut                                    off   │        
        │> Dictation key                                      ctrl+g   │        
  ──────└──────────────────────────────────────────────────────────────┘──────  
  > Build anything                                                              
  ─────────────────────────────────────────────────────────── Automatic model   
                                                                                
  Enter/Space change · Tab tabs · / search · Esc close
