---
source: code/tui/src/app/state_tests.rs
expression: frame
---
  .                                                                [Dashboard]  
                                                                                
                                                                                
                                                                                
                                                                                
                                                                                
                                                                                
                                                                                
                                                                                
                                                                                
                                                                                
                                                                                
                                                                                
                                                                                
                                                                                
                                                                                
                                                                                
                                                                                
                                                    Unknown command: /dictate.  
  ────────────────────────────────────────────────────────────────────────────  
  >                                                                             
  ─────────────────────────────────────────────────────────── Automatic model   
  ⏸ Manual                                                                      
  Enter send  ·  shift+tab mode  ·  shift+↓/↑ effort
