---
source: crates/tui/src/app/fullscreen/frame_tests.rs
expression: "render(&app, 100, 18)"
---
  .                                                                                    [Dashboard]  
                                                                                                    
            ┌── Model ────────────────────────────────────────────────────────────[✗]─┐             
            │                                                                         │             
            │  ╭────────────────────────────────────────────────────────────────────╮ │             
            │  │ Search models                                                      │ │             
            │  ╰────────────────────────────────────────────────────────────────────╯ │             
            │> GPT Effort    ← ██ ██ ██ → High                                        │             
            │  GPT Other       ██ ██ ██   Low                                         │             
            │                                                                         │             
            │                                                                         │             
            │                                                                         │             
            │                                                                         │             
  ──────────│                                                                         │───────────  
  > Build an└─────────────────────────────────────────────────────────────────────────┘             
  ─────────────────────────────────────────────────────────────────────────────── Automatic model   
                                                                                                    
  ↑↓ select · Tab setting · ←→ adjust · / search · p pin · Enter apply · Esc cancel
