---
source: cli/tests/support/tui_process.rs
expression: screen
---
  <FIXTURE…>                                                …                          [Dashboard]

> 请创建 approved-by-tui.txt

● Updating file approved-by-tui.txt
 └─ approved-by-tui.txt
    view full













○ Waiting for approval · 0s · esc to interrupt
                                                                 /permission to change permissions
┌Approval required─────────────────────────────────────────────────────────────────────────────────┐
│the action requires user approval                                                                 │
│File read  ·  <FIXTURE>/profile/worktrees│
│File write  ·  <FIXTURE>/profile/worktree│
│> Approve once                                                                                    │
│  Decline                                                                                         │
│                                                                                                  │
└──────────────────────────────────────────────────────────────────────────────────────────────────┘

  Enter to confirm
