---
source: code/tui/src/app/footer_tests.rs
expression: "frames.join(\"\\n\\n\")"
---
Fullscreen · width=80 · permissions=true
  .                                                                   [仪 表 盘 ]  
                                                                                
                                                                                
                                                                                
                                                                                
                                                                                
                                                                                
                                                                                
                                                                                
  ────────────────────────────────────────────────────────────────────────────  
  >                                                                             
  ────────────────────────────────────────────────────────────────────────────  
  ⏸ 手 动                                                                         
  Enter 发 送   ·  ← 仪 表 盘   ·  shift+tab 模 式   ·  shift+↓/↑ 思 考                  

Fullscreen · width=80 · permissions=false
  .                                                                   [仪 表 盘 ]  
                                                                                
                                                                                
                                                                                
                                                                                
                                                                                
                                                                                
                                                                                
                                                                                
  ────────────────────────────────────────────────────────────────────────────  
  >                                                                             
  ────────────────────────────────────────────────────────────────────────────  
                                                                                
  Enter 发 送   ·  ← 仪 表 盘   ·  shift+tab 模 式   ·  shift+↓/↑ 思 考                  

Fullscreen · width=32 · permissions=true
  .                   [仪 表 盘 ]  
                                
                                
                                
                                
                                
                                
                                
                                
  ────────────────────────────  
  >                             
  ────────────────────────────  
  ⏸ 手 动                         
  Enter 发 送  · ← 仪 表 盘          

Fullscreen · width=32 · permissions=false
  .                   [仪 表 盘 ]  
                                
                                
                                
                                
                                
                                
                                
                                
  ────────────────────────────  
  >                             
  ────────────────────────────  
                                
  Enter 发 送  · ← 仪 表 盘          

Inline · width=80 · permissions=true
                                                                                
                                                                                
                                                                                
                                                                                
                                                                                
                                                                                
                                                                                
                                                                                
                                                                                
────────────────────────────────────────────────────────────────────────────────
>                                                                               
────────────────────────────────────────────────────────────────────────────────
                                                                                
  ⏸ 手 动  · ← 仪 表 盘                                                              

Inline · width=80 · permissions=false
                                                                                
                                                                                
                                                                                
                                                                                
                                                                                
                                                                                
                                                                                
                                                                                
                                                                                
────────────────────────────────────────────────────────────────────────────────
>                                                                               
────────────────────────────────────────────────────────────────────────────────
                                                                                
  ← 仪 表 盘                                                                       

Inline · width=32 · permissions=true
                                
                                
                                
                                
                                
                                
                                
                                
                                
────────────────────────────────
>                               
────────────────────────────────
                                
  ⏸ 手 动  · ← 仪 表 盘              

Inline · width=32 · permissions=false
                                
                                
                                
                                
                                
                                
                                
                                
                                
────────────────────────────────
>                               
────────────────────────────────
                                
  ← 仪 表 盘
