---
source: code/tui/src/app/footer_tests.rs
expression: "frames.join(\"\\n\\n\")"
---
Fullscreen · running
  .                                                                [Dashboard]  
                                                                                
                                                                                
                                                                                
                                                                                
                                                                                
                                                                                
                                                                                
                                             /permission to change permissions  
  ────────────────────────────────────────────────────────────────────────────  
  >                                                                             
  ─────────────────────────────────────────────────────────── Automatic model   
                                                                                
  ⏸ Manual · ← Dashboard · ? for shortcuts

Fullscreen · idle
  .                                                                [Dashboard]  
                                                                                
                                                                                
                                                                                
                                                                                
                                                                                
                                                                                
                                                                                
                                             /permission to change permissions  
  ────────────────────────────────────────────────────────────────────────────  
  >                                                                             
  ─────────────────────────────────────────────────────────── Automatic model   
                                                                                
  ▶ Bypass permissions · ← Dashboard · ? for shortcuts

Inline · running
                                                                                
                                                                                
                                                                                
                                                                                
                                                                                
                                                                                
                                                                                
                                                                                
                                                                                
────────────────────────────────────────────────────────────────────────────────
>                                                                               
────────────────────────────────────────────────────────────────────────────────
                                                                                
  ⏸ Manual · ← Dashboard · ? for shortcuts

Inline · idle
                                                                                
                                                                                
                                                                                
                                                                                
                                                                                
                                                                                
                                                                                
                                                                                
                                                                                
────────────────────────────────────────────────────────────────────────────────
>                                                                               
────────────────────────────────────────────────────────────────────────────────
                                                                                
  ▶ Bypass permissions · ← Dashboard · ? for shortcuts
