---
source: crates/tui/src/app/completion_tests.rs
expression: text
---
                                                                                
                                                                                
                                                                                
                                                                                
                                                                                
                                                                                
                                                                                
                                                                                
                                                                                
                                                                                
                                                                                
────────────────────────────────────────────────────────────────────────────────
> keep this draft                                                               
────────────────────────────────────────────────────────────────────────────────
                                                                                
  ⏸ Manual
