---
source: code/tui/src/app/fullscreen/frame_tests.rs
expression: rendered
---
  .                                                        [— / —] [Dashboard]  
                                                                                
                                                                                
                                                                                
                                                                                
                                                                                
                                                                                
                                                                                
  ───────────────────────────────────────────────────────────────────── 36/36   
  /pr                        ask the Agent to create or inspect a pull request │
  /marketplace               find and install Marketplace packages             │
  /plugins                   manage installed packages and exact versions      │
  /lsp                       manage language servers and find packages         │
  /dictate                   dictate into the current draft; run again to stop │
  /voice                     speak continuously and receive text replies       ┃
  ────────────────────────────────────────────────────────────────────────────  
  > /                                                                           
  ─────────────────────────────────────────────────────────── Automatic model   
                                                                                
  Enter send
