---
source: code/tui/src/app/fullscreen/frame_tests.rs
expression: "render(&app, 100, 20)"
---
  .                                                                            [— / —] [Dashboard]  
                                                                                                    
            ┌── Config ───────────────────────────────────────────────────────────[✗]─┐             
            │                                                                         │             
            │   General    Providers    Issues                                        │             
            │                                                                         │             
            │  ╭────────────────────────────────────────────────────────────────────╮ │             
            │  │ Search configuration                                               │ │             
            │  ╰────────────────────────────────────────────────────────────────────╯ │             
            │> Auto refresh                                                   Never   │             
            │                                                                         │             
            │                                                                         │             
            │                                                                         │             
            │                                                                         │             
            │                                                                         │             
  ──────────│                                                                         │───────────  
  > Build an│  Enter/Space change · Tab tabs · / search · Esc close                   │             
  ──────────└─────────────────────────────────────────────────────────────────────────┘atic model
