---
source: code/tui/src/app/fullscreen/frame_tests.rs
expression: rendered
---
  .                                                                            [— / —] [Dashboard]  
                                                                                                    
            ┌── Model ────────────────────────────────────────────────────────────[✗]─┐             
            │                                                                         │             
            │  ╭────────────────────────────────────────────────────────────────────╮ │             
            │  │ Search models                                                      │ │             
            │  ╰────────────────────────────────────────────────────────────────────╯ │             
            │  Pinned ─────────────────────────────────────────────────────────────── │             
            │> gateway-model                                                          │             
            │                                                                         │             
            │  Other models ───────────────────────────────────────────────────────── │             
            │  Unconfigured model                                                     │             
            │                                                                         │             
  ──────────│                                                                         │───────────  
  > Build an│  ↑↓ select · / search · P pin/unpin · Enter apply · Esc cancel          │             
  ──────────└─────────────────────────────────────────────────────────────────────────┘atic model
