---
source: code/tui/src/app/fullscreen/modal_tests.rs
expression: frame_text(&app)
---
                                                                                                    
                                                                                                    
                                                                                                    
                                                                                                    
                                                                                                    
                                                                                                    
                                                                                                    
                                                                                                    
                                                                                                    
                                                                                                    
                                                                                                    
                                                                                                    
                                                                                                    
                                                                                                    
                                                                                                    
                                                                                                    
                                                                                                    
                                                                                                    
                                                                                                    
                                                                                                    
─ Project branches › New branch ────────────────────────────────────────────────────────────────────
                                                                                                    
  Create branch                                                                                     
                                                                                                    
  ╭──────────────────────────────────────────────────────────────────────────────────────────────╮  
  │ ash/                                                                                         │  
  ╰──────────────────────────────────────────────────────────────────────────────────────────────╯  
  Create a branch at HEAD without switching worktrees.                                              
                                                                                                    
  Enter to create  ·  Esc to back
