---
source: code/tui/src/app/fullscreen/modal_tests.rs
expression: frame_text(&app)
---
                                                                                                    
                                                                                                    
                                                                                                    
                                                                                                    
                                                                                                    
                                                                                                    
                                                                                                    
                                                                                                    
                                                                                                    
                                                                                                    
                                                                                                    
                                                                                                    
                                                                                                    
                                                                                                    
                                                                                                    
                                                                                                    
                                                                                                    
                                                                                                    
                                                                                                    
                                                                                                    
─ New task › New branch worktree ───────────────────────────────────────────────────────────────────
                                                                                                    
  Create branch worktree                                                                            
                                                                                                    
  ╭──────────────────────────────────────────────────────────────────────────────────────────────╮  
  │ ash/topic                                                                                    │  
  ╰──────────────────────────────────────────────────────────────────────────────────────────────╯  
  New task in an ash/ branch and its own worktree.                                                  
                                                                                                    
  Enter to create  ·  Esc to back
