---
source: code/tui/src/app/fullscreen/modal_tests.rs
expression: frame_text(&app)
---
  .                                                                                    [Dashboard]  
                                                                                                    
                                                                                                    
                                                                                                    
                                                                                                    
                                                                                                    
                                                                                                    
                                                                                                    
                                                                                                    
                                                                                                    
                                                                                                    
                                                                                                    
                                                                                                    
                                                                                                    
                                                                                                    
                                                                                                    
                                                                                                    
                                                                                                    
                                                                                                    
                                                                                                    
                                                                                                    
                                                                                                    
                                                                                                    
                                                                                                    
                                                                                                    
  ────────────────────────────────────────────────────────────────────────────────────────────────  
  > preserved draft                                                                                 
  ─────────────────────────────────────────────────────────────────────────────── Automatic model   
  ⏸ Manual                                                                                          
                                                                         Enter send  ·  / commands
