---
source: code/tui/src/app/fullscreen/home_tests.rs
expression: rendered
---
  .                                                           [— / —] [仪 表 盘 ]  
                                                                                
  ╭──────────────────────────────────────────────────────────────────────────╮  
  │                                                                          │  
  │    ▄  ▄      Ash Code v0.1.0                                             │  
  │  ▗█▛██▜█▖                                                                │  
  │  ▝▜████▛▘    在 下 方 开 始 任 务 ， 或 继 续 之 前 的 会 话 。                           │  
  │    ▝  ▘                                                                  │  
  │            > 新 建 任 务                                                     │  
  │              恢 复 会 话                                                     │  
  │              仪 表 盘                                                       │  
  │              设 置                                                         │  
  │              帮 助 与 快 捷 键                                                 │  
  │              退 出                                                         │  
  ╰──────────────────────────────────────────────────────────────────────────╯  
                                                                                
                                                                                
                                                                                
  ⏸ 请 求 权 限                                输 入 任 务 以 开 始 ， 或 按  Tab 选 择 操 作 。   
  ╭──────────────────────────────────────────────────────────────────────────╮  
  │ > 构 建 任 何 内 容                                                            │  
  ╰─────────────────────────────────────────────────────────────── 自 动 模 型  ─╯  
                                                                                
  Enter 选 择   ·  ↑↓ 操 作   ·  Esc 输 入
