---
source: code/tui/src/app/fullscreen/frame_tests.rs
expression: "render(&app, 100, 18)"
---
  .                                                                            [— / —] [Dashboard]  
                                                                                                    
            ┌── Model ────────────────────────────────────────────────────────────[✗]─┐             
            │                                                                         │             
            │   Favorites                                                             │             
            │                                                                         │             
            │  No configured models · Configure a provider in /config                 │             
            │                                                                         │             
            │                                                                         │             
            │                                                                         │             
            │                                                                         │             
            │                                                                         │             
            │                                                                         │             
  ╭─────────│                                                                         │──────────╮  
  │ > Build │  Tab/Shift+Tab to switch  ·  Esc to close                               │          │  
  ╰─────────└─────────────────────────────────────────────────────────────────────────┘ic model ─╯
