---
source: code/tui/src/app/fullscreen/header_tests.rs
expression: text
---
   main /work/ash                                         [— / —] [Dashboard]  
                                                                                
                                                                                
                                                                                
                                                                                
                                                                                
                                                                                
                                                                                
                                                                                
                                                                                
                                                                                
                                                                                
                                                                                
                                                                                
  ⏸ Manual                                                                      
  ────────────────────────────────────────────────────────────────────────────  
  >                                                                             
  ─────────────────────────────────────────────────────────── Automatic model   
                                                                                
  Enter send  ·  shift+tab mode  ·  shift+↓/↑ effort
