---
source: code/tui/src/app/fullscreen/pointer_tests.rs
expression: text
---
  .                                    [— / —] [Dashboard]  
                                                            
                                                            
                                                            
                                                            
                                                            
                                                            
                                                            
                                                            
                                                            
  ⏸ Manual                                                  
  ────────────────────────────────────────────────────────  
  > ab你 cd                                                  
  ─────────────────────────────────────── Automatic model   
                                                            
  Enter send  ·  shift+tab mode  ·  shift+↓/↑ effort
