---
source: code/tui/src/app/fullscreen/frame_tests.rs
expression: "render(&app, 100, 26)"
---
  .                                                                               [— / —] [仪 表 盘 ]  
                                                                                                    
                                                                                                    
            ┌── 配 置  ─────────────────────────────────────────────────────────────[✗]─┐             
            │                                                                         │             
            │   通 用     提 供 商     议 题                                                 │             
            │                                                                         │             
            │  ╭────────────────────────────────────────────────────────────────────╮ │             
            │  │ 搜 索 配 置                                                            │ │             
            │  ╰────────────────────────────────────────────────────────────────────╯ │             
            │  订 阅  ───────────────────────────────────────────────────────────────── │             
            │> ChatGPT                                                                │             
            │  Kimi 订 阅                                                               │             
            │  zai                                                                    │             
            │  xAI                                                                    │             
            │                                                                         │             
            │  API ────────────────────────────────────────────────────────────────── │             
            │  OpenAI API 密 钥                                                         │             
            │  Kimi                                                                   │             
            │  Z.AI (GLM)                                                             │             
            │  3 项  下 方                                                               │             
  ╭─────────│  Enter/Space 更 改  · ←/→ 详 情  · Tab 标 签 页  · / 搜 索  · Esc 关 闭            │──────────╮  
  │ > 构 建 任 └─────────────────────────────────────────────────────────────────────────┘          │  
  ╰─────────────────────────────────────────────────────────────────────────────────── 自 动 模 型  ─╯
