---
source: code/tui/src/app/fullscreen/frame_tests.rs
expression: rendered_after_paste
---
  .                                                        [— / —] [Dashboard]  
                                                                                
                                                                                
                                                                                
                                                                                
                                                                                
                                                                                
                                                                                
                                                                                
                                                                                
                                                                                
                                                                                
                                                                                
                                                                                
  ⏸ Manual                                                                      
  ────────────────────────────────────────────────────────────────────────────  
  > [Image #1]                                                                  
  ─────────────────────────────────────────────────────────── Automatic model   
                                                                                
  Enter send  ·  shift+tab mode  ·  shift+↓/↑ effort
