---
source: code/tui/src/app/fullscreen/frame_tests.rs
expression: visible
---
  .                                                                                                [— / —] [Dashboard]  
                                                                                                                        
                                                                                                                        
                                                                                                                        
                                                                                                                        
                                                                                                                        
                                                                                                                        
                                                                                                                        
                                                                                                                        
                                                                                                                        
                                                                                                                        
                                                                                                                        
                                                                                                                        
                                                                                                                        
  ⏸ current: Manual · ⏩  next: Auto                                                  /permission to change permissions  
  ────────────────────────────────────────────────────────────────────────────────────────────────────────────────────  
  >                                                                                                                     
  ─────────────────────────────────────────────────────────────────────────────────────────────────── Automatic model   
                                                                                                                        
  Enter send  ·  shift+tab mode  ·  shift+↓/↑ effort
