---
source: code/tui/src/app/fullscreen/frame_tests.rs
expression: visible
---
  .                                                                                                [— / —] [Dashboard]  
                                                                                                                        
                                                                                                                        
                                                                                                                        
                                                                                                                        
                                                                                                                        
                                                                                                                        
                                                                                                                        
                                                                                                                        
                                                                                                                        
                                                                                                                        
                                                                                                                        
                                                                                                                        
                                                                                                                        
  ⏸ current: ask permissions on · ⏩  next: auto review on                                /policy to change permissions  
  ────────────────────────────────────────────────────────────────────────────────────────────────────────────────────  
  >                                                                                                                     
  ─────────────────────────────────────────────────────────────────────────────────────────────────── Automatic model   
                                                                                                                        
  Enter send  ·  shift+tab mode  ·  alt+r effort
