---
source: code/tui/src/app/fullscreen/pointer_tests.rs
expression: text
---
  .                        [Dashboard]  
                                        
                                        
                                        
                                        
  ─────────────────────────────── 1/1   
  /quit                      quit Ash   
  ╭──────────────────────────────────╮  
  │ > /q                             │  
  ╰──────────────── Automatic model ─╯  
                                        
  Enter send · shift+tab permissions
