---
source: code/tui/src/app/fullscreen/modal_tests.rs
assertion_line: 1063
expression: frame_text(&app)
---
  .                                                                            [— / —] [Dashboard]  
                                                                                                    
  ╭──────────────────────────────────────────────────────────────────────────────────────────────╮  
  │         ┌── Config ───────────────────────────────────────────────────────────[✗]─┐          │  
  │    ▄  ▄ │                                                                         │          │  
  │  ▗█▛██▜█│   General    Providers    Issues                                        │          │  
  │  ▝▜████▛│                                                                         │          │  
  │    ▝  ▘ │  ╭────────────────────────────────────────────────────────────────────╮ │          │  
  │         │  │ Search configuration                                               │ │          │  
  │         │  ╰────────────────────────────────────────────────────────────────────╯ │          │  
  │         │  ChatGPT                                                                │          │  
  │         │> New custom provider                                                    │          │  
  │         │                                                                         │          │  
  │         │                                                                         │          │  
  ╰─────────│                                                                         │──────────╯  
            │                                                                         │             
            │                                                                         │             
            │                                                                         │             
            │                                                                         │             
            │                                                                         │             
            │                                                                         │             
            │                                                                         │             
            │                                                                         │             
            │                                                                         │             
            │                                                                         │ Esc return  
  ╭─────────│  Enter/Space change · ←/→ details · Tab tabs · / search · Esc close     │──────────╮  
  │ > Build └─────────────────────────────────────────────────────────────────────────┘          │  
  ╰──────────────────────────────────────────────────────────────────────────── Automatic model ─╯
