---
source: code/tui/src/app/usage_tests.rs
expression: screen
---
  .                                                                [Dashboard]

        ┌── Usage ─────────────────────────────────────────────────[✗]─┐
        │                                                              │
        │  Sign in to a subscription: /config > Providers.             │
        │                                                              │
        │                                                              │
        │                                                              │
        │                                                              │
        │                                                              │
        │                                                              │
        │                                                              │
        │                                                              │
        │                                                              │
        │                                                              │
  ──────│                                                              │──────
  > Buil│  Esc to close                                                │
  ──────└──────────────────────────────────────────────────────────────┘model
