---
source: code/tui/src/app/marketplace_tests.rs
expression: screen(&app)
---
  .                                                                                    [Dashboard]  
                                                                                                    
                                                                                                    
            ┌── Extensions ───────────────────────────────────────────────────────[✗]─┐             
            │                                                                         │             
            │   Skills    Marketplace    MCP    Hooks    Plugins                      │             
            │                                                                         │             
            │  ╭────────────────────────────────────────────────────────────────────╮ │             
            │  │ Search Marketplace; Enter to search                                │ │             
            │  ╰────────────────────────────────────────────────────────────────────╯ │             
            │  official                                                             - │             
            │  Skills ─────────────────────────────────────────────────────────────── │             
            │> web@official                                                         + │             
            │  web@official                                                         + │             
            │                                                                         │             
            │                                                                         │             
            │                                                                         │             
            │                                                                         │             
            │                                                                         │             
            │                                                                         │             
            │                                                                         │             
            │                                                                         │             
            │                                                                         │             
            │                                                                         │             
            │                                                                         │             
            │                                                                         │             
            └─────────────────────────────────────────────────────────────────────────┘             
  ────────────────────────────────────────────────────────────────────────────────────────────────  
  > Build anything                                                                                  
  ─────────────────────────────────────────────────────────────────────────────── Automatic model   
                                                                                                    
  / search · ←/→ details · u uninstall · r refresh
