---
source: code/tui/src/app/fullscreen/home_tests.rs
expression: rendered
---
  .                                                                [Dashboard]  
                                                                                
                                                                                
                                                                                
                                                                                
                                                                                
                                                                                
                                                                                
                                                                                
                                                                                
                                                                                
                                                                                
                                                                                
                                                                                
                                                                                
                                                                                
                                                                                
                                                                                
                                                                                
  ────────────────────────────────────────────────────────────────────────────  
  > x                                                                           
  ─────────────────────────────────────────────────────────── Automatic model   
                                                                                
  ⏸ Manual
