---
source: ash-code/tui/src/app/fullscreen/frame_tests.rs
assertion_line: 2093
expression: "render(&app, 100, 21)"
---
  .                                                                            [— / —] [Dashboard]  
                                                                                                    
            ┌── 配 置  ─────────────────────────────────────────────────────────────[✗]─┐             
            │                                                                         │             
            │   通 用     提 供 商     议 题                                                 │             
            │                                                                         │             
            │  ╭────────────────────────────────────────────────────────────────────╮ │             
            │  │ 搜 索 配 置                                                            │ │             
            │  ╰────────────────────────────────────────────────────────────────────╯ │             
            │  6 more above                                                           │             
            │> 按 键 提 示 风 格                                                       对 比  │             
            │> 屏 幕 模 式                                                     fullscreen │             
            │> 记 忆                                                               关 闭  │             
            │> 自 动 获 取  Git 更 新                                                  关 闭  │             
            │> Git 获 取 间 隔                                                       180s │             
            │> 顾 问                                                               关 闭  │             
  ╭─────────│  Enter change · r reset · ←/→ details · Tab tabs · / search · Esc close │──────────╮  
  │ > Build └─────────────────────────────────────────────────────────────────────────┘          │  
  ╰──────────────────────────────────────────────────────────────────────────── Automatic model ─╯
