---
source: code/tui/src/app/collaboration_modes_tests.rs
expression: render(&app)
---
                                                                                
                                                                                
                                                                                
                                                                                
                                                                                
                                                                                
                                                                                
                                                                                
                                                                                
                                                                                
                                                                                
                                                                                
                                                                                
                                                                                
                                                                                
                                                                                
                                                                                
                                                                                
                                                          Next mode: Multitask  
────────────────────────────────────────────────────────────────────────────────
> draft behind selector                                                         
────────────────────────────────────────────────────────────────────────────────
                                                                                
  ⏸ ask permissions on
