---
source: code/tui/src/app/mode_tests.rs
expression: output
---
"                                                                                                                        "
"    ▄  ▄     Ash Code v0.1.0                                                                                            "
"  ▗█▛██▜█▖   Automatic model                                                                                            "
"  ▝▜████▛▘   .                                                                                                          "
"    ▝  ▘                                                                                                                "
"                                                                                                                        "
"                                                                                                                        "
"                                                                                                                        "
"                                                                                                                        "
"                                                                                                                        "
"                                                                                                                        "
"                                                                                                                        "
"─ Model ────────────────────────────────────────────────────────────────────────────────────────────────────────────────"
"                                                                                                                        "
"  ╭──────────────────────────────────────────────────────────────────────────────────────────────────────────────────╮  "
"  │ Search models                                                                                                    │  "
"  ╰──────────────────────────────────────────────────────────────────────────────────────────────────────────────────╯  "
"> GPT-6 Astra      ██ ██ ██   Medium  [Fast off]  [1m]                                                                  "
"                                                                                                                        "
"  ↑↓ select · Tab setting · ←→ adjust · / search · p pin · Enter apply · Esc cancel                                     "
