---
source: code/tui/src/app/collaboration_modes_tests.rs
expression: render(&app)
---
                                                                                
                                                                                
                                                                                
                                                                                
                                                                                
                                                                                
                                                                                
                                                                                
                                                                                
                                                                                
                                                                                
                                                                                
                                                                                
                                                                                
                                                                                
                                                                                
                                                                                
                                                                                
                                                                                
────────────────────────────────────────────────────────────────────────────────
> draft behind selector                                                         
────────────────────────────────────────────────────────────────────────────────
                                                                                
  ⏸ Manual
