---
source: code/tui/src/app/state_tests.rs
expression: screen
---
  .                                                                        [— / —] [Dashboard]








          ┌── ChatGPT subscription › Error ──────────────────────────────────────[✗]─┐
          │                                                                          │
          │  Sign in to ChatGPT in Codex, then reconnect here.                       │
          │                                                                          │
          │  Enter/Esc to close                                                      │
          └──────────────────────────────────────────────────────────────────────────┘




  ╭──────────────────────────────────────────────────────────────────────────────────────────╮
  │ > Build anything                                                                         │
  ╰──────────────────────────────────────────────────────────────────────── Automatic model ─╯
