---
source: code/tui/src/app/collaboration_modes_tests.rs
expression: render(&app)
---
  .                                                           [— / —] [仪 表 盘 ]  
                                                                                
                                                                                
                                                                                
                                                                                
                                                                                
                                                                                
                                                                                
                                                                                
                                                                                
                                                                                
                                                                                
                                                                                
                                                                                
                                                                                
                                                                                
                                                                                
                                                                                
                                                    推 理 强 度 已 是 最 高 档 （ high）   
  ────────────────────────────────────────────────────────────────────────────  
  > keep this draft                                                             
  ───────────────────────────────────────────────────────── test-model (high)   
                                                                                
  Enter 发 送   ·  shift+tab 模 式   ·  shift+↓/↑ 思 考
