---
source: code/tui/src/app/state_tests.rs
expression: render_dictation_frame(&app)
---
  .                                                        [— / —] [Dashboard]  
                                                                                
> /dictate                                                                      
                                                                                
                                                                                
                                                                                
                                                                                
                                                                                
                                                                                
                                                                                
                                                                                
                                                                                
                                                                                
                                                                                
                                                                                
                                                                                
                                                                                
                                                                                
                                            Listening. Press /dictate to stop.  
  ────────────────────────────────────────────────────────────────────────────  
  >                                                                             
  ─────────────────────────────────────────────────────────── Automatic model   
                                                                                
  Enter send  ·  shift+tab permissions
