---
source: code/tui/src/app/state_tests.rs
expression: screen
---
  .                                                                        [— / —] [Dashboard]

            ┌── Config › Super Grok ───────────────────────────────────────────[✗]─┐
            │                                                                      │
            │   Account                                                            │
            │                                                                      │
            │> Browser opened  ·  https://auth.x.ai/device                         │
            │  Enter code  ·  XAI-1234                                             │
            │  Cancel sign-in                                                      │
            │                                                                      │
            │                                                                      │
            │                                                                      │
            │                                                                      │
            │                                                                      │
            │                                                                      │
            │                                                                      │
            │                                                                      │
            │                                                                      │
            │                                                                      │
  ╭─────────│  Tab/Shift+Tab to switch  ·  Esc to return                           │─────────╮
  │ > Build └──────────────────────────────────────────────────────────────────────┘         │
  ╰──────────────────────────────────────────────────────────────────────── Automatic model ─╯
