---
source: code/tui/src/app/state_tests.rs
expression: screen
---
  .                                                                        [— / —] [Dashboard]

            ┌── Config › Super Grok ───────────────────────────────────────────[✗]─┐
            │                                                                      │
            │   Account                                                            │
            │                                                                      │
            │> Account  ·  ada@example.test                                        │
            │  Plan  ·  SuperGrok Heavy                                            │
            │                                                                      │
            │  Models ──────────────────────────────────────────────────────────── │
            │  No models available                                                 │
            │                                                                      │
            │                                                                      │
            │                                                                      │
            │                                                                      │
            │                                                                      │
            │                                                                      │
            │                                                                      │
            │                                                                      │
  ╭─────────│  Tab/Shift+Tab to switch  ·  Esc to return  ·  l to sign out         │─────────╮
  │ > Build └──────────────────────────────────────────────────────────────────────┘         │
  ╰──────────────────────────────────────────────────────────────────────── Automatic model ─╯
