---
source: code/tui/src/app/state_tests.rs
expression: "crate::app::usage_tests::render(&app, 96, 24)"
---
  .                                                                           [— / —] [仪表盘]

            ┌── 配置 › Kimi ───────────────────────────────────────────────────[✗]─┐
            │                                                                      │
            │   账户                                                               │
            │                                                                      │
            │> 使用 Kimi 登录                                                      │
            │                                                                      │
            │                                                                      │
            │                                                                      │
            │                                                                      │
            │                                                                      │
            │                                                                      │
            │                                                                      │
            │                                                                      │
            │                                                                      │
            │                                                                      │
            │                                                                      │
            │                                                                      │
  ╭─────────│  Tab/Shift+Tab 切换  ·  Esc 返回                                     │─────────╮
  │ > 构建任└──────────────────────────────────────────────────────────────────────┘         │
  ╰─────────────────────────────────────────────────────────────────────────────── 自动模型 ─╯
