---
source: ash-code/tui/src/app/inline/frame_tests.rs
expression: text(&buffer)
---
─ Config ───────────────────────────────────────────────────────────────────────────────────────────
                                                                                                    
   General    Providers    Issues                                                                   
  ╭──────────────────────────────────────────────────────────────────────────────────────────────╮  
  │ Search configuration                                                                         │  
  ╰──────────────────────────────────────────────────────────────────────────────────────────────╯  
> Vim mode                                                                                     off  
> Memory diagnostics                                                                           off  
> Automatic updates                                                                         Latest  
> Show Git changes as diff                                                                     off  
> Language                                                                                 English  
> Status bar style                                                                          Simple  
> Key hint style                                                                          Contrast  
> Screen mode                                                                               inline  
> Memories                                                                                     off  
                                                                                                    
  Enter change · r reset · ←/→ details · Tab tabs · / search · Esc close
