---
source: crates/tui/src/app/announcement_tests.rs
expression: text
---
  公告：Ash 有新版本可用。运行 ash update       
  升级。                                        
                                                
                                                
                                                
                                                
                                                
                                                
                                                
                                                
                                                
                                                
                                                
                                                
                                                
────────────────────────────────────────────────
> Keep this draft                               
────────────────────────────────────────────────
                                                
  ⏸ 手动
