---
source: crates/tui/src/app/state_tests.rs
expression: rendered
---
  .                                                                [Dashboard]  
                                                                                
                                                                                
                                                                                
                                                                                
                                                                                
                                                                                
                                                                                
                                                                                
                                                                                
                                                                                
                                                                                
                                                                                
                                                                                
                                                                                
                                                                                
                                                                                
⠋ Working... · 0s                                                               
  Dictation · loading model · ctrl+c to stop dictation                          
  ────────────────────────────────────────────────────────────────────────────  
  >                                                                             
  ─────────────────────────────────────────────────────────── Automatic model   
                                                                                
  ⏸ Manual · ← Dashboard · ? for shortcuts
