---
source: crates/tui/src/app/state_tests.rs
expression: render_dictation_frame(&app)
---
  .                                                                [Dashboard]  
                                                                                
> /voice                                                                        
                                                                                
                                                                                
                                                                                
                                                                                
                                                                                
                                                                                
                                                                                
                                                                                
                                                                                
                                                                                
                                                                                
                                                                                
                                                                                
                                                                                
                                                                                
  Dictation · listening · ctrl+c to stop dictation                              
  ────────────────────────────────────────────────────────────────────────────  
  >                                                                             
  ─────────────────────────────────────────────────────────── Automatic model   
                                                                                
  ⏸ Manual · ← Dashboard · ? for shortcuts
