---
source: code/tui/src/app/collaboration_modes_tests.rs
expression: content
---
  .                           [仪表盘]









────────────────────────────────────────
  推理强度
  较少推理 → 更多推理
  ─────────────────────────────▲──────
  low           high          max
  当前：high
  多任务  关闭
  由 Ash 协调

  最高推理强度，可能消耗更多 token
  并耗时更长，适合最困难的任务。

  ←/→ 选择  ·  Tab 切换多任务协作  ·
  Enter 应用  ·  Esc 取消
