---
source: code/tui/src/app/collaboration_modes_tests.rs
expression: render(&app)
---
  .                                                                   [仪 表 盘 ]  
                                                                                
                                                                                
                                                                                
                                                                                
                                                                                
                                                                                
                                                                                
                                                                                
                                                                                
                                                                                
                                                                                
                                                                                
                                                                                
                                                                                
                                                                                
                                                                                
                                                                                
                                                                                
  ────────────────────────────────────────────────────────────────────────────  
  > keep this draft                                                             
  ───────────────────────────────────────────────────────── test-model (high)   
                                                                                
  ⏸ 手 动
