---
source: code/tui/src/app/collaboration_modes_tests.rs
expression: frame_text(terminal.backend().buffer())
---
  .                                                                   [仪表盘]

















                                                   Copied 2 chars to clipboard
  ────────────────────────────────────────────────────────────────────────────
  > keep this draft
  ────────────────────────────────────────────────────────────────── 自动模型
  ⏸ 手动
  Enter 发送  ·  shift+tab 模式  ·  shift+↓/↑ 思考
