---
source: code/tui/src/app/fullscreen/composer_tests.rs
expression: text(&buffer)
---
  .                                                                [Dashboard]  
                                                                                
                                                                                
                                                                                
                                                                                
                                                                                
                                                                                
                                                                                
                                                                                
                                                                                
                                                                                
                                                                                
                                                                                
                                                                                
                                                                                
  ────────────────────────────────────────────────────────────────────────────  
  >                                                                             
  ─────────────────────────────────────────────────────────── Automatic model   
  ⏸ Manual                                                                      
  Enter send  ·  shift+tab mode  ·  shift+↓/↑ effort
