---
source: code/tui/src/app/help_tests.rs
expression: output
---
  .                                                                                                                                                   [仪表盘]







  ┌── 键盘快捷键 ────────────────────────────────────────────────────────────────────────────────────────────────────────────────────────────────────────[✗]─┐
  │                                                                                                                                                          │
  │  输入                                               会话                                               正文                                              │
  │  /                     命令                         ?          键盘快捷键                              PageUp / PageDown     滚动正文                    │
  │  @                     引用文件和插件               ←          仪表盘（空输入）                        Ctrl+Home / Ctrl+End  最早 / 最新                 │
  │  $                     选择技能                     Esc Esc    打开回退检查点                          Ctrl+↑ / Ctrl+↓       选择消息                    │
  │  Enter                 发送消息                     esc        中断任务                                Space                 展开选中的消息              │
  │  Shift+Enter / Ctrl+J  换行                         shift+tab  循环切换任务模式                        Enter                 查看选中消息的详情          │
  │  Ctrl+R                搜索输入历史                 shift+↓    降低推理强度                            Esc                   返回输入                    │
  │  ctrl+v                附加剪贴板图片               shift+↑    提高推理强度                                                                              │
  │                                                     ctrl+y     复制上一条回复                                                                            │
  │                                                     ctrl+c     中断或退出                                                                                │
  │                                                                                                                                                          │
  │  /shortcuts 自定义                                                                                                                                       │
  └──────────────────────────────────────────────────────────────────────────────────────────────────────────────────────────────────────────────────────────┘




  ────────────────────────────────────────────────────────────────────────────────────────────────────────────────────────────────────────────────────────────
  > 构建任何内容
  ────────────────────────────────────────────────────────────────────────────────────────────────────────────────────────────────────────────────── 自动模型

  ↑/↓ 滚动 · Esc 关闭
