---
source: code/tui/src/models/request_tests.rs
expression: terminal.backend().to_string()
---
"╭──────────────────────────────────────────╮"
"│ Search models                            │"
"╰──────────────────────────────────────────╯"
"> K2 Preview                                "
"                                            "
"                                            "
"                                            "
