---
source: code/tui/src/models/request_tests.rs
expression: terminal.backend().to_string()
---
"╭──────────────────────────────────────────╮"
"│ Search models                            │"
"╰──────────────────────────────────────────╯"
"> desktop-k2                                "
"  cli-k2                                    "
"                                            "
"                                            "
