---
source: code/tui/src/app/inline/frame_tests.rs
expression: frame
---
                                                  
                                                  
                                                  
                                                  
                                                  
                                                  
                                                  
┌Approval required───────────────────────────────┐
│Run the requested command?                      │
│Process spawn  ·  cargo test                    │
│> Approve once                                  │
│  Decline                                       │
│                                                │
└────────────────────────────────────────────────┘
                                                  
  Enter to confirm
