---
source: code/tui/src/app/inline/frame_tests.rs
expression: text(&completion)
---
                                                                                
    ▄  ▄     Ash Code v0.1.0                                                    
  ▗█▛██▜█▖   Automatic model                                                    
  ▝▜████▛▘   .                                                                  
    ▝  ▘                                                                        
                                                                                
                                                                                
                                                                                
                                                                                
                                                                                
                                                                                
                                                                                
                                                                                
                                                                                
                                                                                
                                                                                
                                                                                
                                                                                
                                                                                
                                                                                
                                                                                
                                                                                
                                                                                
                                                                                
                                                                                
                                                                                
                                                                                
                                                                                
                                                                                
                                                                                
                                                                                
                                                                                
                                                                                
                                                                                
                                                                                
                                                                                
                                                                                
                                                                                
                                                                                
                                                                                
                                                                                
                                                                                
                                                                                
                                                                                
                                                                                
                                                                                
                                                                                
                                                                                
                                                                                
                                                                                
  ─────────────────────────────────────────────────────────────────────── 1/4   
  /status                    show the active session, thread, and model         
  /statusline                choose the items shown in the status line          
  /shortcuts                 browse and customize terminal shortcuts            
  /pr                        ask the Agent to create or inspect a pull request  
────────────────────────────────────────────────────────────────────────────────
> /status                                                                       
────────────────────────────────────────────────────────────────────────────────
                                                                                
  ⏸ Manual
