---
source: code/tui/src/app/inline/frame_tests.rs
expression: "text(&render(&app, 80, 24))"
---
                                                                                
    ▄  ▄     Ash Code v0.1.0                                                    
  ▗█▛██▜█▖   Automatic model                                                    
  ▝▜████▛▘   .                                                                  
    ▝  ▘                                                                        
                                                                                
                                                                                
                                                                                
                                                                                
                                                                                
                                                                                
                                                                                
                                                                                
                                                                                
─ Hooks ────────────────────────────────────────────────────────────────────────
                                                                                
> Add Hook                                                                      
                                                                                
  ╭──────────────────────────────────────────────────────────────────────────╮  
  │ Search Hooks                                                             │  
  ╰──────────────────────────────────────────────────────────────────────────╯  
  No Hooks found                                                                
                                                                                
  Enter to confirm  ·  / to search  ·  Esc to close
