---
source: code/tui/src/status/panel_tests.rs
expression: terminal.backend().to_string()
---
"   Session    Diagnostics                                                                           "
"  Model:      openai/gpt                                                                            "
"  Session ID: session-1                                                                             "
"  Thread ID:  thread-2                                                                              "
"                                                                                                    "
"  Thread totals                                                                                     "
"  Model calls:        4                                                                             "
"  Input tokens:       10,000 tokens                                                                 "
"  Cached input:       7,500 tokens                                                                  "
"  Cached input share: 75.0%                                                                         "
"  Cache writes:       500 tokens                                                                    "
"  Output tokens:      >=1,200 tokens                                                                "
"  Reasoning output:   unknown                                                                       "
"  Reference cost:     $0.01008                                                                      "
