---
source: crates/tui/src/app/driver/tests.rs
expression: terminal.backend().to_string()
---
"  .                                                        [— / —] [Dashboard]  "
"                                                                                "
"        ┌── Model ─────────────────────────────────────────────────[✗]─┐        "
"        │                                                              │        "
"        │  ╭─────────────────────────────────────────────────────────╮ │        "
"        │  │ Search models                                           │ │        "
"        │  ╰─────────────────────────────────────────────────────────╯ │        "
"        │> GPT-6 Astra               ← ██ ██ ██ ██ ██ →    Default     │        "
"        │  GPT-6.1 Sol                 ██ ██ ██ ██ ██      Medium      │        "
"        │  GPT-6 Sol                   ██ ██ ██ ██ ██      Medium      │        "
"        │  GPT-6 Luna                  ██ ██ ██ ██ ██      Medium      │        "
"        │  GPT-5.6 Sol                 ██ ██ ██ ██ ██      Medium      │        "
"        │  GPT-5.6 Terra               ██ ██ ██ ██ ██      Medium      │        "
"        │  GPT-5.6 Luna                ██ ██ ██ ██ ██      Medium      │        "
"        │  GPT-5.6                     ██ ██ ██ ██ ██      Medium      │        "
"  ──────│  73 more below                                               │──────  "
"  > Buil│  ←→ adjust · / search · p pin · Enter apply · Esc cancel     │        "
"  ──────└──────────────────────────────────────────────────────────────┘model   "
"                                                                                "
"                                                                                "
