---
source: crates/tui/src/app/chat_view_tests.rs
expression: text(&hidden)
---
  /work/ash                                                                            [Dashboard]  
                                                                                                    
                                                                                                    
                                                                                                    
                                                                                                    
                                                                                                    
                                                                                                    
                                                                                                    
                                                                                                    
                                                                                                    
                                                                                                    
                                                                                                    
                                                                                                    
                                                                                                    
                                                                                                    
  ────────────────────────────────────────────────────────────────────────────────────────────────  
  > keep this draft                                                                                 
  ────────────────────────────────────────────────────────────────────────────────────────────────
