---
source: code/tui/src/app/status_tests.rs
expression: text
---
Context usage
                                                                                                    
    ▄  ▄     Ash Code v0.1.0                                                                        
  ▗█▛██▜█▖   Automatic model                                                                        
  ▝▜████▛▘   .                                                                                      
    ▝  ▘                                                                                            
                                                                                                    
                                                                                                    
                                                                                                    
                                                                                                    
                                                                                                    
─ 上下文 ───────────────────────────────────────────────────────────────────────────────────────────
                                                                                                    
  Test model                                                          12.3k / 100k tokens（12.3%）  
                                                                                                    
                                                                                                    
> ■ 系统提示词                                                                       1.5k (1.5%)    
  ■ 工具定义                                                                           5k (5.0%)    
  ■ 记忆／指令文件                                                                    300 (0.3%)    
  ■ 技能（41 个）                                                                    1.5k (1.5%)    
  ■ 对话／工具                                                                         4k (4.0%)    
  ■ 剩余空间                                                                       66.7k (66.7%)    
  ■ 自动压缩 buffer                                                                  18k (18.0%)    
  自动压缩阈值                                                                       79k (79.0%)    
  最近请求 · 服务商返回                                                               25k tokens    
                                                                                                    
  ↑/↓ 选择 · Esc 关闭                                                                               

Developer diagnostics
                                                                                                    
    ▄  ▄     Ash Code v0.1.0                                                                        
  ▗█▛██▜█▖   Automatic model                                                                        
  ▝▜████▛▘   .                                                                                      
    ▝  ▘                                                                                            
                                                                                                    
                                                                                                    
                                                                                                    
                                                                                                    
                                                                                                    
                                                                                                    
                                                                                                    
─ 开发者：上下文诊断 ───────────────────────────────────────────────────────────────────────────────
                                                                                                    
  Test model                                                          12.3k / 100k tokens（12.3%）  
                                                                                                    
                                                                                                    
> ■ 系统提示词                                                                       1.5k (1.5%) +  
  ■ 工具定义                                                                           5k (5.0%)    
  ■ 记忆／指令文件                                                                    300 (0.3%) +  
  ■ 技能（41 个）                                                                    1.5k (1.5%) +  
  ■ 对话／工具                                                                         4k (4.0%) +  
                                                                                                    
  工具定义明细 ───────────────────────────────────────────────────────────────────────────────────  
                                                                                                    
  上下文空间分配 ─────────────────────────────────────────────────────────────────────────────────  
  压缩方式                                                                      保存进度后换窗口    
  ■ 剩余空间                                                                       66.7k (66.7%)    
  ■ 输出预留                                                                           2k (2.0%)    
  ■ 安全余量                                                                           1k (1.0%)    
  ■ 交接预留                                                                         18k (18.0%)    
  自动压缩窗口                                                                       82k (82.0%)    
  自动压缩阈值                                                                       79k (79.0%)    
  最近请求 · 服务商返回                                                               25k tokens    
                                                                                                    
  ↑/↓ 选择 · Enter 详情 · Esc 关闭
