---
source: code/tui/src/app/status_tests.rs
expression: text
---
Before first request
─ 上下文 ───────────────────────────────
                                        
  ~12.3k / 100k tokens（12.3%）         
  test/model                            
  ████░░░░░░░░░░░░░░░░░░░░░░░░░░░░▤▒▒▒  
  分类估算用量                          
                                        
> ■ 系统提示词           1.5k (1.5%)    
  ■ 工具定义               5k (5.0%)    
  ■ 记忆／指令文件        300 (0.3%)    
  ■ 技能                 1.5k (1.5%)    
  ■ 对话／工具             4k (4.0%)    
  ░ 剩余空间           77.7k (77.7%)    
  ▤ 输出预留               2k (2.0%)    
                                        
  ↑/↓ 选择 · Esc 关闭                   

Before first request · allocation scrolled
─ 上下文 ───────────────────────────────
                                        
  ~12.3k / 100k tokens（12.3%）         
  test/model                            
  ████░░░░░░░░░░░░░░░░░░░░░░░░░░░░▤▒▒▒  
  分类估算用量                          
                                        
> ■ 对话／工具             4k (4.0%)    
  ░ 剩余空间           77.7k (77.7%)    
  ▤ 输出预留               2k (2.0%)    
  ▧ 安全余量               1k (1.0%)    
  ▒ 自动压缩 buffer        7k (7.0%)    
  自动压缩窗口            93k tokens    
  自动压缩阈值            90k tokens    
                                        
  ↑/↓ 选择 · Esc 关闭                   

Over compact threshold
─ 上下文 ───────────────────────────────
                                        
  ~99k / 100k tokens（99.0%）           
  test/model                            
  ████████████████████████████████▤▒▒▒  
  分类估算用量                          
                                        
> ■ 系统提示词           1.5k (1.5%)    
  ■ 工具定义               5k (5.0%)    
  ■ 记忆／指令文件        300 (0.3%)    
  ■ 技能                 1.5k (1.5%)    
  ■ 对话／工具         90.7k (90.7%)    
  ░ 剩余空间                0 (0.0%)    
  ▤ 输出预留               2k (2.0%)    
                                        
  ↑/↓ 选择 · Esc 关闭                   

Over compact threshold · allocation scrolled
─ 上下文 ───────────────────────────────
                                        
  ~99k / 100k tokens（99.0%）           
  test/model                            
  ████████████████████████████████▤▒▒▒  
  分类估算用量                          
                                        
  ░ 剩余空间                0 (0.0%)    
  ▤ 输出预留               2k (2.0%)    
  ▧ 安全余量               1k (1.0%)    
  ▒ 自动压缩 buffer        7k (7.0%)    
  自动压缩窗口            93k tokens    
  自动压缩阈值            90k tokens    
  超过自动压缩阈值         9k (9.0%)    
                                        
  ↑/↓ 选择 · Esc 关闭                   

Over full window
─ 上下文 ───────────────────────────────
                                        
  ~120k / 100k tokens（120.0%）         
  test/model                            
  ████████████████████████████████▤▒▒▒  
  分类估算用量                          
                                        
> ■ 系统提示词           1.5k (1.5%)    
  ■ 工具定义               5k (5.0%)    
  ■ 记忆／指令文件        300 (0.3%)    
  ■ 技能                 1.5k (1.5%)    
  ■ 对话／工具       111.7k (111.7%)    
  ░ 剩余空间                0 (0.0%)    
  ▤ 输出预留               2k (2.0%)    
                                        
  ↑/↓ 选择 · Esc 关闭                   

Over full window · allocation scrolled
─ 上下文 ───────────────────────────────
                                        
  ~120k / 100k tokens（120.0%）         
  test/model                            
  ████████████████████████████████▤▒▒▒  
  分类估算用量                          
                                        
  ░ 剩余空间                0 (0.0%)    
  ▤ 输出预留               2k (2.0%)    
  ▧ 安全余量               1k (1.0%)    
  ▒ 自动压缩 buffer        7k (7.0%)    
  自动压缩窗口            93k tokens    
  自动压缩阈值            90k tokens    
  超过自动压缩阈值       30k (30.0%)    
                                        
  ↑/↓ 选择 · Esc 关闭                   

Unknown capacity
  Ash Code v0.1.0                       
  Automatic model                       
─ 上下文 ───────────────────────────────
                                        
  已用 ~12k tokens                      
  test/model                            
  分类估算用量                          
                                        
> ■ 系统提示词                  1.5k    
  ■ 工具定义                      5k    
  ■ 记忆／指令文件               300    
  ■ 技能                        1.5k    
  ■ 对话／工具                  3.7k    
  上下文窗口                  未提供    
                                        
  ↑/↓ 选择 · Esc 关闭                   

Unknown capacity · allocation scrolled
  Ash Code v0.1.0                       
  Automatic model                       
─ 上下文 ───────────────────────────────
                                        
  已用 ~12k tokens                      
  test/model                            
  分类估算用量                          
                                        
> ■ 系统提示词                  1.5k    
  ■ 工具定义                      5k    
  ■ 记忆／指令文件               300    
  ■ 技能                        1.5k    
  ■ 对话／工具                  3.7k    
  上下文窗口                  未提供    
                                        
  ↑/↓ 选择 · Esc 关闭
