---
source: ash-code/tui/src/app/session_manager_tests.rs
expression: render(&app)
---
  .                                                                            [— / —] [Dashboard]
























  ─────────────────────────────────────────────────────────────────────────────────────────── 1/1
  /dashboard                 open Dashboard
  ╭──────────────────────────────────────────────────────────────────────────────────────────────╮
  │ > /dashboard                                                                                 │
  ╰──────────────────────────────────────────────────────────────────────────── Automatic model ─╯

  Enter send  ·  shift+tab permissions  ·  /home
