---
source: ash-code/tui/src/app/marketplace_tests.rs
expression: "format!(\"{completion}\\n\\n{hint}\")"
---
  .                                                                               [— / —] [仪 表 盘 ]  
                                                                                                    
                                                                                                    
                                                                                                    
                                                                                                    
                                                                                                    
                                                                                                    
                                                                                                    
                                                                                                    
                                                                                                    
                                                                                                    
                                                                                                    
                                                                                                    
                                                                                                    
                                                                                                    
                                                                                                    
                                                                                                    
                                                                                                    
                                                                                                    
                                                                                                    
                                                                                                    
                                                                                                    
                                                                                                    
                                                                                                    
                                                                                                    
  ─────────────────────────────────────────────────────────────────────────────────────────── 1/1   
  /marketplace               查 找 和 安 装 扩 展 市 场 中 的 包                                                
  ╭──────────────────────────────────────────────────────────────────────────────────────────────╮  
  │ > /market                                                                                    │  
  ╰─────────────────────────────────────────────────────────────────────────────────── 自 动 模 型  ─╯  
                                                                                                    
  Enter 发 送   ·  shift+tab 权 限   ·  /home                                                           

  .                                                                               [— / —] [仪 表 盘 ]  
                                                                                                    
                                                                                                    
                                                                                                    
                                                                                                    
                                                                                                    
                                                                                                    
                                                                                                    
                                                                                                    
                                                                                                    
                                                                                                    
                                                                                                    
                                                                                                    
                                                                                                    
                                                                                                    
                                                                                                    
                                                                                                    
                                                                                                    
                                                                                                    
                                                                                                    
                                                                                                    
                                                                                                    
                                                                                                    
                                                                                                    
                                                                                                    
                                                                                                    
  ⏸ 请 求 权 限                                                                                         
  ╭──────────────────────────────────────────────────────────────────────────────────────────────╮  
  │ > /marketplace <搜 索 词 >                                                                      │  
  ╰─────────────────────────────────────────────────────────────────────────────────── 自 动 模 型  ─╯  
                                                                                                    
  Enter 发 送   ·  shift+tab 权 限   ·  /home
