---
source: ash-cli/tests/support/tui_process.rs
expression: screen
---









    ▄  ▄     Ash Code v0.1.0
  ▗█▛██▜█▖   openai-compatible/ash-real-scenario
  ▝▜████▛▘   <FIXTURE>/workspace
    ▝  ▘

> /status

> /status









                                                                                       ← Dashboard
────────────────────────────────────────────────────────────────────────────────────────────────────
>
────────────────────────────────────────────────────────────────────────────────────────────────────
  ash-real-scenario
  ⏸ Manual
