---
source: code/tui/src/render/markdown_tests.rs
expression: text
---
Flow

                       ╱╲
                      ╱  ╲
   ╭──────╮          ╱    ╲      yes ┌──────┐
 ┌▶│ 检查 │────────▶< 通过 >─┬──────▶│ 完成 │
 ┆ ╰──────╯          ╲    ╱  ┆       └──────┘
 ┆                    ╲  ╱   ┆
 ┆                     ╲╱    ┆
 ┆                           ┆
 ┆                           ┆
 └┄┄┄┄┄┄┄┄┄┄┄┄┄┄┄┄┄┄┄┄┄┄┄┄┄┄┄┘
  retry

State

                    ╭──────╮     run ╭──────╮
      ●───────────┬▶│ 等待 │────────▶│ 处理 │─┬─────────▶◉
                  │ ╰──────╯         ╰──────╯ │
                  │                           │
                  │                           │
                  └───────────────────────────┘
                   retry

Sequence

┌─────────┐
│ Service │
└─────────┘
     │lookup
     │┄┄┄┄┄┄┄┄┐
     │        ┆
     │◀┄┄┄┄┄┄┄┘
     │
     │
