---
source: cli/tests/support/tui_process.rs
expression: screen
---
  <FIXTURE…>                                                …                          [Dashboard]

> 请保持流式输出，直到我取消

● turn interrupted





















                                                                 /permission to change permissions
  ────────────────────────────────────────────────────────────────────────────────────────────────
  >
  ───────────────────────────────────────────────────────────────────────────── ash-real-scenario

  ⏸ Manual · ← Dashboard · ? for shortcuts
