---
source: code/tui/src/app/collaboration_modes_tests.rs
expression: render(&app)
---
                                                                                
                                                                                
                                                                                
                                                                                
                                                                                
                                                                                
                                                                                
                                                                                
                                                                                
                                                                                
                                                                                
                                                                                
                                                                                
                                                                                
                                                                                
                                                                                
                                                                                
                                                                                
                                                                                
────────────────────────────────────────────────────────────────────────────────
>                                                                               
────────────────────────────────────────────────────────────────────────────────
  Automatic model                                                               
  ← 仪 表 盘  · ? 查 看 快 捷 键
