---
source: code/tui/src/app/collaboration_modes_tests.rs
expression: "format!(\"{history}\\n{}\", render_effort(&app))"
---
● 已 开 启 多 任 务 协 作 ； 推 理 强 度 保 持 不 变 。                                           
                                                                                


















                                                                   ← Dashboard
────────────────────────────────────────────────────────────────────────────────
>
────────────────────────────────────────────────────────────────────────────────
  test-model (high)
  ⏸ 手 动
