---
source: code/tui/src/app/collaboration_modes_tests.rs
expression: render_effort(&app)
---

    ▄  ▄     Ash Code v0.1.0
  ▗█▛██▜█▖   Automatic model
  ▝▜████▛▘   .
    ▝  ▘

● Conversation remains visible







─ Thinking effort ──────────────────────────────────────────────────────────────

               Faster                  Smarter
               ───────────────────────────▲───    Multitask  on
                 low        high         max

  Maximum reasoning. May use more tokens and take longer; use for the hardest
                                     tasks.

  ←/→ choose  ·  Tab toggle multitask  ·  Enter apply  ·  Esc cancel
