---
source: code/tui/src/app/state_tests.rs
expression: "format!(\"Completion\\n{completion}\\n\\nDismissed\\n{dismissed}\")"
---
Completion
                                                                                
    ▄  ▄     Ash Code v0.1.0                                                    
  ▗█▛██▜█▖   Automatic model                                                    
  ▝▜████▛▘   .                                                                  
    ▝  ▘                                                                        
                                                                                
                                                                                
                                                                                
                                                                                
                                                                                
                                                                                
                                                                                
  ────────────────────────────────────────────────────────────────────── 1/36   
  /status                    显 示 当 前 会 话 、 线 程 和 模 型                           ┃
  /usage                     查 看 订 阅 额 度 和 重 置 时 间                             │
  /statusline                选 择 状 态 栏 中 显 示 的 项 目                             │
  /skills                    浏 览 和 管 理 技 能                                     │
  /memories                  管 理 记 忆 、 读 取 许 可 和 模 型 保 存                       │
  /mcp                       列 出 已 配 置 的  MCP 工 具                              │
────────────────────────────────────────────────────────────────────────────────
> /                                                                             
────────────────────────────────────────────────────────────────────────────────
                                                                                
  ⏸ 手 动                                                                         

Dismissed
                                                                                
                                                                                
                                                                                
                                                                                
                                                                                
                                                                                
                                                                                
                                                                                
                                                                                
                                                                                
                                                                                
                                                                                
                                                                                
                                                                                
                                                                                
                                                                                
                                                                                
                                                                                
                                                                                
────────────────────────────────────────────────────────────────────────────────
> /                                                                             
────────────────────────────────────────────────────────────────────────────────
                                                                                
  ⏸ 手 动
