---
source: code/tui/src/app/mode_tests.rs
expression: output
---
"  .                                                                                                        [Dashboard]  "
"                                                                                                                        "
"               ┌── Model ───────────────────────────────────────────────────────────────────────────[✗]─┐               "
"               │                                                                                        │               "
"               │  ╭───────────────────────────────────────────────────────────────────────────────────╮ │               "
"               │  │ Search models                                                                     │ │               "
"               │  ╰───────────────────────────────────────────────────────────────────────────────────╯ │               "
"               │> GPT-6 Astra      ██ ██ ██   Medium  [Fast off]  [272k]                                │               "
"               │                                                                                        │               "
"               │                                                                                        │               "
"               │                                                                                        │               "
"               │                                                                                        │               "
"               │                                                                                        │               "
"               │                                                                                        │               "
"               │                                                                                        │               "
"  ─────────────│                                                                                        │─────────────  "
"  > preserved d│  ↑↓ select · Tab setting · ←→ adjust · / search · p pin · Enter apply · Esc cancel     │               "
"  ─────────────└────────────────────────────────────────────────────────────────────────────────────────┘omatic model   "
"                                                                                                                        "
"                                                                                                                        "
