---
source: code/tui/src/app/fullscreen/frame_tests.rs
expression: working
---
  .                                                                [Dashboard]  
                                                                                
                                                                                
                                                                                
                                                                                
                                                                                
                                                                                
                                                                                
                                                                                
                                                                                
                                                                                
                                                                                
                                                                                
⠋ Working... · 0s · ctrl+c to interrupt                                         
                                                               Copied 42 chars  
  ────────────────────────────────────────────────────────────────────────────  
  >                                                                             
  ─────────────────────────────────────────────────────────── Automatic model   
                                                                                
  ⏸ Manual · ← Dashboard
