---
source: code/tui/src/app/fullscreen/frame_tests.rs
expression: "render(&app, 100, 20)"
---
  .                                                                                    [Dashboard]  
                                                                                                    
                                                                                                    
                                                                                                    
                                                                                                    
                                                                                                    
                                                                                                    
                                                                                                    
                                                                                                    
                                                                                                    
                                                                                                    
                                                                                                    
                                                                                                    
                                                                                                    
                                                                                                    
  ────────────────────────────────────────────────────────────────────────────────────────────────  
  >                                                                                                 
  ─────────────────────────────────────────────────────────────────────────────── Automatic model   
                                                                                                    
  ⏸ Manual · ← Dashboard
