---
source: crates/tui/src/app/inline/frame_tests.rs
expression: "text(&render(&app, 50, 16))"
---
                                                  
    ▄  ▄     Ash Code v0.1.0                      
  ▗█▛██▜█▖   Automatic model                      
  ▝▜████▛▘   .                                    
    ▝  ▘                                          
                                                  
                                                  
─ Config ─────────────────────────────────────────
                                                  
   General    Providers    Issues    Network      
  ╭────────────────────────────────────────────╮  
  │ Screen mode                                │  
  ╰────────────────────────────────────────────╯  
  Screen mode                           inline    
                                                  
  Enter/Esc/Ctrl+C to return
