---
source: code/tui/src/app/inline/frame_tests.rs
expression: text(&buffer)
---
                                                                                
                                                                                
                                                                                
                                                                                
                                                                                
                                                                                
                                                                                
                                                                                
  Dictation · checking model files · ctrl+c to stop dictation                   
────────────────────────────────────────────────────────────────────────────────
>                                                                               
────────────────────────────────────────────────────────────────────────────────
                                                                                
  ⏸ Manual                                                         ← Dashboard
