---
source: ash-cli/tests/support/tui_process.rs
expression: screen
---
  <FIXTURE…>                                      …                            [— / —] [Dashboard]

























                                                                       Thinking effort: extra high
  ────────────────────────────────────────────────────────────────────────────────────────────────
  > BOUND-DRAFT
  ─────────────────────────────────────────────────────────────────────── GPT-6 Luna (extra high)

  Enter send  ·  / commands
