---
source: crates/tui/src/models/effort_selector_tests.rs
expression: text(&buffer)
---
Faster                          Smarter
──────────────────────────────────▲────
 medium     high      xhigh      max

             Multitask  off

 Maximum reasoning. May use more tokens
  and take longer; use for the hardest
                 tasks.
